--------------------------------------------------------------------------------
Release 14.7 Trace  (nt64)
Copyright (c) 1995-2013 Xilinx, Inc.  All rights reserved.

C:\Xilinx\14.7\ISE_DS\ISE\bin\nt64\unwrapped\trce.exe -intstyle ise -v 3 -s 3
-n 3 -fastpaths -xml boom.twx boom.ncd -o boom.twr boom.pcf

Design file:              boom.ncd
Physical constraint file: boom.pcf
Device,package,speed:     xc6slx4,tqg144,C,-3 (PRODUCTION 1.23 2013-10-13)
Report level:             verbose report

Environment Variable      Effect 
--------------------      ------ 
NONE                      No environment variables were set
--------------------------------------------------------------------------------

INFO:Timing:2698 - No timing constraints found, doing default enumeration.
INFO:Timing:3412 - To improve timing, see the Timing Closure User Guide (UG612).
INFO:Timing:2752 - To get complete path coverage, use the unconstrained paths 
   option. All paths that are not constrained will be reported in the 
   unconstrained paths section(s) of the report.
INFO:Timing:3339 - The clock-to-out numbers in this timing report are based on 
   a 50 Ohm transmission line loading model.  For the details of this model, 
   and for more information on accounting for different loading conditions, 
   please see the device datasheet.



Data Sheet report:
-----------------
All values displayed in nanoseconds (ns)

Pad to Pad
---------------+---------------+---------+
Source Pad     |Destination Pad|  Delay  |
---------------+---------------+---------+
E              |Q<0>           |   11.293|
E              |Q<1>           |   10.977|
E              |Q<2>           |   11.126|
E              |Q<3>           |   11.605|
E              |Q<4>           |   12.094|
E              |Q<5>           |   10.482|
E              |Q<6>           |   11.034|
E              |Q<7>           |   11.670|
E              |Q<8>           |   10.459|
E              |Q<9>           |   10.468|
E              |Q<10>          |   10.694|
E              |Q<11>          |   10.342|
E              |Q<12>          |   10.199|
E              |Q<13>          |   11.067|
E              |Q<14>          |   10.477|
E              |Q<15>          |   10.518|
E              |Q<16>          |   10.978|
E              |Q<17>          |   10.555|
E              |Q<18>          |   11.299|
E              |Q<19>          |   11.006|
E              |Q<20>          |   10.852|
E              |Q<21>          |   11.232|
E              |Q<22>          |   11.445|
E              |Q<23>          |   10.921|
E              |Q<24>          |   11.203|
E              |Q<25>          |   11.075|
E              |Q<26>          |   10.056|
E              |Q<27>          |   10.421|
E              |Q<28>          |   10.787|
E              |Q<29>          |    9.004|
E              |Q<30>          |   10.224|
E              |Q<31>          |    9.168|
S<0>           |Q<0>           |   10.505|
S<0>           |Q<1>           |   10.384|
S<0>           |Q<2>           |   10.260|
S<0>           |Q<3>           |   10.390|
S<0>           |Q<4>           |   10.565|
S<0>           |Q<5>           |    9.694|
S<0>           |Q<6>           |    9.778|
S<0>           |Q<7>           |   10.385|
S<0>           |Q<8>           |    9.095|
S<0>           |Q<9>           |    9.301|
S<0>           |Q<10>          |    9.192|
S<0>           |Q<11>          |    9.434|
S<0>           |Q<12>          |    9.519|
S<0>           |Q<13>          |    9.722|
S<0>           |Q<14>          |    9.159|
S<0>           |Q<15>          |    9.467|
S<0>           |Q<16>          |    9.628|
S<0>           |Q<17>          |    9.462|
S<0>           |Q<18>          |   10.098|
S<0>           |Q<19>          |    9.988|
S<0>           |Q<20>          |   10.056|
S<0>           |Q<21>          |    9.851|
S<0>           |Q<22>          |   10.227|
S<0>           |Q<23>          |    9.942|
S<0>           |Q<24>          |   10.256|
S<0>           |Q<25>          |    9.860|
S<0>           |Q<26>          |    9.440|
S<0>           |Q<27>          |    9.401|
S<0>           |Q<28>          |    9.443|
S<0>           |Q<29>          |    8.398|
S<0>           |Q<30>          |    9.507|
S<0>           |Q<31>          |    8.277|
S<1>           |Q<0>           |   10.410|
S<1>           |Q<1>           |   10.100|
S<1>           |Q<2>           |   10.239|
S<1>           |Q<3>           |   10.554|
S<1>           |Q<4>           |   10.193|
S<1>           |Q<5>           |    9.253|
S<1>           |Q<6>           |    9.435|
S<1>           |Q<7>           |   10.090|
S<1>           |Q<8>           |    9.331|
S<1>           |Q<9>           |    8.846|
S<1>           |Q<10>          |    9.033|
S<1>           |Q<11>          |    9.071|
S<1>           |Q<12>          |    9.437|
S<1>           |Q<13>          |    9.702|
S<1>           |Q<14>          |    8.948|
S<1>           |Q<15>          |    9.138|
S<1>           |Q<16>          |    9.663|
S<1>           |Q<17>          |    9.376|
S<1>           |Q<18>          |    9.543|
S<1>           |Q<19>          |    9.685|
S<1>           |Q<20>          |    9.625|
S<1>           |Q<21>          |    9.659|
S<1>           |Q<22>          |    9.992|
S<1>           |Q<23>          |    9.968|
S<1>           |Q<24>          |    9.961|
S<1>           |Q<25>          |    9.477|
S<1>           |Q<26>          |    9.296|
S<1>           |Q<27>          |    8.893|
S<1>           |Q<28>          |    8.986|
S<1>           |Q<29>          |    8.381|
S<1>           |Q<30>          |    8.879|
S<1>           |Q<31>          |    8.519|
S<2>           |Q<0>           |   10.575|
S<2>           |Q<1>           |   10.096|
S<2>           |Q<2>           |   10.192|
S<2>           |Q<3>           |   10.480|
S<2>           |Q<4>           |   10.776|
S<2>           |Q<5>           |    9.915|
S<2>           |Q<6>           |   10.069|
S<2>           |Q<7>           |   10.714|
S<2>           |Q<8>           |    9.743|
S<2>           |Q<9>           |    9.439|
S<2>           |Q<10>          |    9.619|
S<2>           |Q<11>          |    9.487|
S<2>           |Q<12>          |    9.332|
S<2>           |Q<13>          |    9.719|
S<2>           |Q<14>          |    9.268|
S<2>           |Q<15>          |    9.299|
S<2>           |Q<16>          |   10.034|
S<2>           |Q<17>          |    9.721|
S<2>           |Q<18>          |   10.191|
S<2>           |Q<19>          |   10.059|
S<2>           |Q<20>          |    9.714|
S<2>           |Q<21>          |   10.016|
S<2>           |Q<22>          |   10.276|
S<2>           |Q<23>          |   10.389|
S<2>           |Q<24>          |   10.286|
S<2>           |Q<25>          |   10.065|
S<2>           |Q<26>          |    9.286|
S<2>           |Q<27>          |    9.724|
S<2>           |Q<28>          |    9.831|
S<2>           |Q<29>          |    8.258|
S<2>           |Q<30>          |    9.291|
S<2>           |Q<31>          |    8.359|
S<3>           |Q<0>           |    9.958|
S<3>           |Q<1>           |    9.756|
S<3>           |Q<2>           |    9.525|
S<3>           |Q<3>           |    9.739|
S<3>           |Q<4>           |   10.029|
S<3>           |Q<5>           |    9.089|
S<3>           |Q<6>           |    9.261|
S<3>           |Q<7>           |   10.101|
S<3>           |Q<8>           |    9.274|
S<3>           |Q<9>           |    8.857|
S<3>           |Q<10>          |    9.093|
S<3>           |Q<11>          |    9.130|
S<3>           |Q<12>          |    8.656|
S<3>           |Q<13>          |    9.349|
S<3>           |Q<14>          |    9.383|
S<3>           |Q<15>          |    9.089|
S<3>           |Q<16>          |    9.969|
S<3>           |Q<17>          |    9.563|
S<3>           |Q<18>          |    9.768|
S<3>           |Q<19>          |    9.923|
S<3>           |Q<20>          |    9.372|
S<3>           |Q<21>          |   10.068|
S<3>           |Q<22>          |   10.280|
S<3>           |Q<23>          |    9.857|
S<3>           |Q<24>          |    9.941|
S<3>           |Q<25>          |    9.573|
S<3>           |Q<26>          |    8.849|
S<3>           |Q<27>          |    8.963|
S<3>           |Q<28>          |    9.201|
S<3>           |Q<29>          |    7.765|
S<3>           |Q<30>          |    8.689|
S<3>           |Q<31>          |    7.631|
S<4>           |Q<0>           |   10.219|
S<4>           |Q<1>           |    9.934|
S<4>           |Q<2>           |   10.065|
S<4>           |Q<3>           |   10.275|
S<4>           |Q<4>           |   10.852|
S<4>           |Q<5>           |    9.606|
S<4>           |Q<6>           |    9.929|
S<4>           |Q<7>           |   10.297|
S<4>           |Q<8>           |    9.787|
S<4>           |Q<9>           |    9.216|
S<4>           |Q<10>          |    9.425|
S<4>           |Q<11>          |    9.551|
S<4>           |Q<12>          |    9.179|
S<4>           |Q<13>          |    9.983|
S<4>           |Q<14>          |    9.647|
S<4>           |Q<15>          |    9.468|
S<4>           |Q<16>          |   10.533|
S<4>           |Q<17>          |    9.769|
S<4>           |Q<18>          |   10.218|
S<4>           |Q<19>          |   10.422|
S<4>           |Q<20>          |    9.660|
S<4>           |Q<21>          |   10.654|
S<4>           |Q<22>          |   10.429|
S<4>           |Q<23>          |   10.449|
S<4>           |Q<24>          |   10.387|
S<4>           |Q<25>          |   10.273|
S<4>           |Q<26>          |    9.417|
S<4>           |Q<27>          |    9.291|
S<4>           |Q<28>          |    9.853|
S<4>           |Q<29>          |    8.411|
S<4>           |Q<30>          |    9.384|
S<4>           |Q<31>          |    8.123|
---------------+---------------+---------+


Analysis completed Sun Oct 19 23:03:42 2025 
--------------------------------------------------------------------------------

Trace Settings:
-------------------------
Trace Settings 

Peak Memory Usage: 219 MB



